\BOOKMARK [0][-]{chapter*.1}{\376\377\144\130\211\201}{}% 1
\BOOKMARK [0][-]{chapter*.2}{\376\377\000A\000b\000s\000t\000r\000a\000c\000t}{}% 2
\BOOKMARK [0][-]{chapter.1}{\376\377\0001\000\040\176\352\213\272}{}% 3
\BOOKMARK [1][-]{section.1.1}{\376\377\0001\000.\0001\000\040\170\024\172\166\200\314\146\157\116\016\141\017\116\111}{chapter.1}% 4
\BOOKMARK [1][-]{section.1.2}{\376\377\0001\000.\0002\000\040\126\375\121\205\131\026\170\024\172\166\163\260\162\266}{chapter.1}% 5
\BOOKMARK [1][-]{section.1.3}{\376\377\0001\000.\0003\000\040\170\024\172\166\121\205\133\271\116\016\166\356\150\007}{chapter.1}% 6
\BOOKMARK [1][-]{section.1.4}{\376\377\0001\000.\0004\000\040\213\272\145\207\176\304\176\307\176\323\147\204}{chapter.1}% 7
\BOOKMARK [0][-]{chapter.2}{\376\377\0002\000\040\166\370\121\163\164\006\213\272\116\016\142\200\147\057\127\372\170\100}{}% 8
\BOOKMARK [1][-]{section.2.1}{\376\377\0002\000.\0001\000\040\122\006\133\120\210\150\171\072\145\271\154\325}{chapter.2}% 9
\BOOKMARK [1][-]{section.2.2}{\376\377\0002\000.\0002\000\040\203\157\162\151\134\136\140\047\230\204\155\113}{chapter.2}% 10
\BOOKMARK [1][-]{section.2.3}{\376\377\0002\000.\0003\000\040\217\333\123\026\173\227\154\325\123\237\164\006}{chapter.2}% 11
\BOOKMARK [1][-]{section.2.4}{\376\377\0002\000.\0004\000\040\131\047\213\355\212\000\152\041\127\213\127\372\170\100}{chapter.2}% 12
\BOOKMARK [0][-]{chapter.3}{\376\377\0003\000\040\127\372\116\216\000L\000L\000M\166\204\122\006\133\120\217\333\123\026\117\030\123\026\145\271\154\325}{}% 13
\BOOKMARK [1][-]{section.3.1}{\376\377\0003\000.\0001\000\040\174\373\176\337\145\164\117\123\147\266\147\204}{chapter.3}% 14
\BOOKMARK [1][-]{section.3.2}{\376\377\0003\000.\0002\000\040\122\006\133\120\210\150\171\072\116\016\232\214\213\301\152\041\127\127}{chapter.3}% 15
\BOOKMARK [1][-]{section.3.3}{\376\377\0003\000.\0003\000\040\134\136\140\047\230\204\155\113\152\041\127\127}{chapter.3}% 16
\BOOKMARK [1][-]{section.3.4}{\376\377\0003\000.\0004\000\040\131\047\213\355\212\000\152\041\127\213\116\244\116\222\143\245\123\343}{chapter.3}% 17
\BOOKMARK [1][-]{section.3.5}{\376\377\0003\000.\0005\000\040\143\320\171\072\213\315\152\041\147\177\213\276\213\241}{chapter.3}% 18
\BOOKMARK [1][-]{section.3.6}{\376\377\0003\000.\0006\000\040\171\315\177\244\173\241\164\006\116\016\220\011\142\351\147\072\122\066}{chapter.3}% 19
\BOOKMARK [1][-]{section.3.7}{\376\377\0003\000.\0007\000\040\173\227\154\325\155\101\172\013\116\016\133\236\163\260\176\306\202\202}{chapter.3}% 20
\BOOKMARK [0][-]{chapter.4}{\376\377\0004\000\040\133\236\232\214\116\016\176\323\147\234\122\006\147\220}{}% 21
\BOOKMARK [1][-]{section.4.1}{\376\377\0004\000.\0001\000\040\133\236\232\214\213\276\177\156}{chapter.4}% 22
\BOOKMARK [1][-]{section.4.2}{\376\377\0004\000.\0002\000\040\116\011\171\315\143\320\171\072\173\126\165\145\166\204\133\371\153\324\133\236\232\214}{chapter.4}% 23
\BOOKMARK [1][-]{section.4.3}{\376\377\0004\000.\0003\000\040\171\315\177\244\131\032\150\067\140\047\122\006\147\220}{chapter.4}% 24
\BOOKMARK [1][-]{section.4.4}{\376\377\0004\000.\0004\000\040\226\217\147\072\140\047\155\113\213\325\116\016\172\063\133\232\140\047\122\006\147\220}{chapter.4}% 25
\BOOKMARK [1][-]{section.4.5}{\376\377\0004\000.\0005\000\040\176\323\147\234\213\250\213\272}{chapter.4}% 26
\BOOKMARK [0][-]{chapter.5}{\376\377\0005\000\040\140\073\176\323\116\016\134\125\147\033}{}% 27
\BOOKMARK [1][-]{section.5.1}{\376\377\0005\000.\0001\000\040\170\024\172\166\135\345\117\134\140\073\176\323}{chapter.5}% 28
\BOOKMARK [1][-]{section.5.2}{\376\377\0005\000.\0002\000\040\170\024\172\166\166\204\116\015\215\263\116\113\131\004}{chapter.5}% 29
\BOOKMARK [1][-]{section.5.3}{\376\377\0005\000.\0003\000\040\147\052\147\145\135\345\117\134\134\125\147\033}{chapter.5}% 30
\BOOKMARK [0][-]{chapter*.5}{\376\377\201\364\214\042}{}% 31
